../Core/Src/main.c:73:6:LIN_Ping_And_Print	40	static
../Core/Src/main.c:110:16:make_lin_id_with_parity	24	static
../Core/Src/main.c:127:26:lin_send_header	32	static
../Core/Src/main.c:162:12:lin_receive_response	32	static
../Core/Src/main.c:177:13:cdc_print_hex	160	static
../Core/Src/main.c:188:13:uart_flush_errors	32	static
../Core/Src/main.c:206:5:main	16	static
../Core/Src/main.c:276:6:SystemClock_Config	88	static
../Core/Src/main.c:324:13:MX_I2C1_Init	8	static
../Core/Src/main.c:358:13:MX_USART1_UART_Init	8	static
../Core/Src/main.c:391:13:MX_USART2_UART_Init	8	static
../Core/Src/main.c:424:13:MX_GPIO_Init	48	static
../Core/Src/main.c:489:6:Error_Handler	4	static,ignoring_inline_asm
