../Core/Src/main.c:71:6:LIN_Ping_And_Print	40	static
../Core/Src/main.c:97:16:make_lin_id_with_parity	24	static
../Core/Src/main.c:114:26:lin_send_header	24	static
../Core/Src/main.c:131:12:lin_receive_response	32	static
../Core/Src/main.c:146:13:cdc_print_hex	160	static
../Core/Src/main.c:163:5:main	16	static
../Core/Src/main.c:233:6:SystemClock_Config	88	static
../Core/Src/main.c:281:13:MX_I2C1_Init	8	static
../Core/Src/main.c:315:13:MX_USART1_UART_Init	8	static
../Core/Src/main.c:348:13:MX_USART2_UART_Init	8	static
../Core/Src/main.c:381:13:MX_GPIO_Init	48	static
../Core/Src/main.c:446:6:Error_Handler	4	static,ignoring_inline_asm
